== signing in as Super Admin ==
== making sure both Samaaj exist, with every module on ==
   A=f5d050a6-ec83-4a85-b344-78365d18e234  B=1afd88c6-5e98-446e-bdb0-f080da0359f2
   waiting out the gateway's 60-second module cache
== members ==
== building one of everything in Samaaj A ==

== controls: Samaaj A can reach its own, so a 404 for B means something ==

== Samaaj B's MEMBER attempts to act on Samaaj A's entities ==
  ok      timeline  comment on A's post -> 404
  ok      timeline  react to A's post -> 404
  ok      timeline  report A's post -> 404
  ok      timeline  read A's post -> 404
  ok      issues    read A's issue -> 404
  ok      issues    revise A's issue -> 404
  ok      issues    move A's issue -> 404
  ok      groups    apply to A's group -> 404
  ok      groups    read A's group -> 404
  ok      events    register for A's event -> 404
  ok      events    read A's event -> 404
  ok      voting    nominate in A's campaign -> 404
  ok      voting    vote in A's campaign -> 404
  ok      voting    read A's campaign -> 404
  ok      boli      bid on A's Boli -> 404
  ok      boli      read A's Boli -> 404
  ok      boli      read A's occasion -> 404
  ok      pathshala enrol in A's Pathshala -> 404
  ok      pathshala read A's Pathshala -> 404
  ok      members   read A's member -> 404
  ok      members   correct A's member -> 404

== Samaaj B's ADMINISTRATOR attempts to act on Samaaj A's entities ==
   (a Super Admin whose override scopes them to B - the IDOR guard's real test)
  ok      timeline  moderate A's post -> 404
  ok      issues    approve A's issue -> 404
  ok      groups    change A's group status -> 404
  ok      events    publish A's event -> 404
  ok      events    cancel A's event -> 404
  ok      voting    move A's campaign -> 404
  ok      voting    publish A's results -> 404
  ok      pathshala open a session in A's -> 404
  ok      pathshala add a class to A's -> 404
  ok      pathshala deactivate A's -> 404
  ok      pathshala read A's roll -> 404
  ok      pathshala read A's register -> 404
  ok      pathshala read A's class exams -> 404
  ok      pathshala teach A's class -> 404
  ok      pathshala timetable A's class -> 404
  ok      pathshala mark A's register -> 404
  ok      pathshala set an exam in A's class -> 404
  ok      pathshala mark A's exam -> 404
  ok      pathshala place A's child -> 404
  ok      pathshala withdraw A's child -> 404
  ok      pathshala read A's placement queue -> 404
  ok      pathshala read A's child's class -> 404
  ok      pathshala read A's child's marks -> 404
  ok      pathshala read A's child's exams -> 404
  ok      pathshala read A's child's progress -> 404
  ok      boli      add a type to A's -> 404
  ok      boli      move A's occasion -> 404
  ok      boli      close A's Boli -> 404
  ok      boli      record A's result -> 404
  ok      boli      publish A's result -> 404

==================================================
  clean refusals (404):        51
  refused but confirmed (403): 0
  NOT REFUSED:                 0
==================================================
Every cross-tenant attempt was refused with 404.
